*** Using Compiler 'V5.06 update 7 (build 960)', folder: 'C:\Keil_v536\ARM\ARMCC\Bin'
Build target 'rt-thread'
compiling device.c...
compiling atomic_arm.c...
compiling div0.c...
compiling showmem.c...
compiling dev_i2c_dev.c...
compiling dev_i2c_core.c...
..\..\..\components\drivers\i2c\dev_i2c_core.c(137): warning:  #111-D: statement is unreachable
              break;
..\..\..\components\drivers\i2c\dev_i2c_core.c: 1 warning, 0 errors
compiling dev_i2c_bit_ops.c...
compiling cpuport.c...
compiling completion_up.c...
compiling completion_comm.c...
compiling condvar.c...
compiling dataqueue.c...
compiling main.c...
compiling ringblk_buf.c...
compiling pipe.c...
compiling ringbuffer.c...
compiling xtal32_fcm.c...
compiling rt_inputcapture.c...
compiling waitqueue.c...
compiling dev_pin.c...
compiling workqueue.c...
compiling dev_serial.c...
compiling drv_tmr_capture.c...
compiling shell.c...
compiling board_config.c...
compiling board.c...
compiling drv_common.c...
compiling drv_gpio.c...
compiling drv_i2c.c...
compiling msh.c...
compiling drv_irq.c...
compiling drv_soft_i2c.c...
compiling msh_parse.c...
compiling drv_usart.c...
compiling cmd.c...
compiling hc32_ll_aos.c...
compiling hc32_ll_fcg.c...
compiling hc32_ll.c...
compiling hc32_ll_clk.c...
compiling hc32_ll_dma.c...
compiling hc32_ll_efm.c...
compiling hc32_ll_gpio.c...
compiling hc32_ll_icg.c...
compiling hc32_ll_interrupts.c...
compiling hc32_ll_pwc.c...
compiling hc32_ll_rmu.c...
compiling clock.c...
compiling hc32_ll_utility.c...
compiling hc32_ll_sram.c...
compiling components.c...
compiling hc32_ll_tmr0.c...
compiling hc32_ll_i2c.c...
compiling cpu_up.c...
compiling hc32_ll_tmr6.c...
compiling defunct.c...
compiling hc32_ll_usart.c...
compiling idle.c...
compiling irq.c...
compiling hc32f467_ll_interrupts_share.c...
compiling kservice.c...
compiling mempool.c...
compiling mem.c...
compiling object.c...
..\..\..\src\object.c(722): warning:  #188-D: enumerated type mixed with another type
      if (name == RT_NULL || rt_object_get_information(type) == RT_NULL)
..\..\..\src\object.c: 1 warning, 0 errors
compiling scheduler_up.c...
compiling scheduler_comm.c...
compiling ipc.c...
compiling syscall_mem.c...
compiling timer.c...
compiling thread.c...
compiling cctype.c...
compiling syscalls.c...
compiling cstdlib.c...
compiling cwchar.c...
compiling cstring.c...
compiling cunistd.c...
compiling ctime.c...
compiling kstdio.c...
compiling kerrno.c...
compiling kstring.c...
compiling rt_vsnprintf_tiny.c...
compiling rt_vsscanf.c...
compiling tca9539.c...
compiling test_uart_v1.c...
compiling system_hc32f467.c...
compiling test_i2c.c...
compiling test_soft_i2c.c...
compiling test_gpio.c...
linking...
Program Size: Code=90634 RO-data=7218 RW-data=1520 ZI-data=20416  
FromELF: creating hex file...
After Build - User command #1: fromelf --bin .\build\keil\Obj\rt-thread.axf --output rtthread.bin
".\build\keil\Obj\rt-thread.axf" - 0 Error(s), 2 Warning(s).
Build Time Elapsed:  00:00:05
